airline,origin_city,destination_city,passenger_name
Airline A,Mumbai,Dubai,MTLmxfnUhH
Airline A,Mumbai,Dubai,ujGIomSZxJ
Airline A,Mumbai,Dubai,FyvgUWUoDZ
Airline A,Mumbai,Dubai,AIjJyyhdEk
Airline A,Mumbai,Dubai,UyBgqnwlgu
Airline A,Mumbai,Dubai,myYJDNezBZ
Airline A,Mumbai,Dubai,FateCxNdYt
Airline A,Mumbai,Dubai,TFnkvqfdMS
Airline A,Mumbai,Dubai,ZcQfeviQri
Airline A,Mumbai,Dubai,vBtbtkYSkx
Airline A,Mumbai,Dubai,PteWXXaHJF
Airline A,Mumbai,Dubai,zRSBOgvMHi
Airline A,Mumbai,Dubai,iwsiQFNvvr
Airline A,Mumbai,Dubai,lLlbXUtnnG
Airline A,Mumbai,Dubai,scALxmYjNq
Airline A,Mumbai,Dubai,AHVpGAMEQu
Airline A,Mumbai,Dubai,xJJfNQzVeW
Airline A,Mumbai,Dubai,UWJXQLRvET
Airline A,Mumbai,Dubai,dJjqqoVhua
Airline A,Mumbai,Dubai,HZuaoArpVe
Airline A,Mumbai,Dubai,BimhKiYDPd
Airline A,Mumbai,Dubai,duauPnkNMg
Airline A,Mumbai,Dubai,blfMpQyVlN
Airline A,Mumbai,Dubai,ipZRdksrgm
Airline A,Mumbai,Dubai,IpmtMrIKsk
Airline A,Mumbai,Dubai,qPwQIWMrtJ
Airline A,Mumbai,Dubai,wSaMGqqtpa
Airline A,Mumbai,Dubai,WOHFnlMwtb
Airline A,Mumbai,Dubai,OYRBjzLDyx
Airline A,Mumbai,Dubai,CyGIDsHoHz
Airline A,Mumbai,Dubai,rNpvrcZduR
Airline A,Mumbai,Dubai,tZVSGZHNLq
Airline A,Mumbai,Dubai,BEYvTsCqrj
Airline A,Mumbai,Dubai,fwOSRAaiNK
Airline A,Mumbai,Dubai,unXjABLxOq
Airline A,Mumbai,Dubai,taznskfHbW
Airline A,Mumbai,Dubai,FsMXcffUQb
Airline A,Mumbai,Dubai,AAnzwtTFip
Airline A,Mumbai,Dubai,QoBnSskmMV
Airline A,Mumbai,Dubai,KSPQQuIGyT
Airline A,Mumbai,Dubai,rgjMcLYPrs
Airline A,Mumbai,Dubai,addvQfYCRM
Airline A,Mumbai,Dubai,WqdLWSIrAa
Airline A,Mumbai,Dubai,bGelpyOdkt
Airline A,Mumbai,Dubai,dhgluBIGsK
Airline A,Mumbai,Dubai,wuoqgaiwZo
Airline A,Mumbai,Dubai,BsmeHEoQzh
Airline A,Mumbai,Dubai,RCunxocbQV
Airline A,Mumbai,Dubai,pAVvQqbUXw
Airline A,Mumbai,Dubai,xwBTGHXNvh
Airline A,Mumbai,Dubai,hzQkGyNzEQ
Airline A,Mumbai,Dubai,AiyBviPZwX
Airline A,Mumbai,Dubai,CvylfziOdF
Airline A,Mumbai,Dubai,CukdgMygiZ
Airline A,Mumbai,Dubai,zsFYIRVfuD
Airline A,Mumbai,Dubai,JeFmNgRbvR
Airline A,Mumbai,Dubai,nQvfDLsSMp
Airline A,Mumbai,Dubai,NfsAKPKRgn
Airline A,Mumbai,Dubai,CRklzWWVgF
Airline A,Mumbai,Dubai,MCNCzLBlPB
Airline A,Mumbai,Dubai,jwEdfmjwvb
Airline A,Mumbai,Dubai,zAnOdKuarR
Airline A,Mumbai,Dubai,ZCMtJeqLxD
Airline A,Mumbai,Dubai,jExWkYoMoZ
Airline A,Mumbai,Dubai,QfWPsAYhPv
Airline A,Mumbai,Dubai,TrNtddmNTZ
Airline A,Mumbai,Dubai,zcJAxNQZeX
Airline A,Mumbai,Dubai,pUUidKKQJU
Airline A,Mumbai,Dubai,EEfFPCZoFv
Airline A,Mumbai,Dubai,vlnrkgWkAI
Airline A,Mumbai,Dubai,mPusddkONk
Airline A,Mumbai,Dubai,csvDcrbPYs
Airline A,Mumbai,Dubai,rEaVReLhBP
Airline A,Mumbai,Dubai,oDdLCzdcwb
Airline A,Mumbai,Dubai,kQtXNyidwg
Airline A,Mumbai,Dubai,MkhZOPuihV
Airline A,Mumbai,Dubai,PWKCBlIdtN
Airline A,Mumbai,Dubai,oonIdQGadL
Airline A,Mumbai,Dubai,zYDMsXrzug
Airline A,Mumbai,Dubai,tFHNvdALJt
Airline A,Mumbai,Dubai,nfWlGVJAwg
Airline A,Mumbai,Dubai,PlbmcreBwl
Airline A,Mumbai,Dubai,OmldciIQJr
Airline A,Mumbai,Dubai,zhblkXyCiu
Airline A,Mumbai,Dubai,OFxuWWjthA
Airline A,Mumbai,Dubai,aulpZAxybT
Airline A,Mumbai,Dubai,FtxYASiaTM
Airline A,Mumbai,Dubai,OXztSHDCLR
Airline A,Mumbai,Dubai,bNCzvkBLmF
Airline A,Mumbai,Dubai,nCNOEtoynG
Airline A,Mumbai,Dubai,qNVpPGKoJl
Airline A,Mumbai,Dubai,DKhteWyBca
Airline A,Mumbai,Dubai,pjmWkXcPzc
Airline A,Mumbai,Dubai,eddWVdmNxg
Airline A,Mumbai,Dubai,qnciDkxKON
Airline A,Mumbai,Dubai,ehnFSGlmMT
Airline A,Mumbai,Dubai,sbMEnJCOXD
Airline A,Mumbai,Dubai,xxYJbeVWRk
Airline A,Mumbai,Dubai,jTSsGeeqRh
Airline A,Mumbai,Dubai,gVKbBmVMjl
Airline A,Mumbai,Dubai,ZkVGdgiIlu
Airline A,Mumbai,Dubai,rXyThZeNnF
Airline A,Mumbai,Dubai,KqXVIxQknP
Airline A,Mumbai,Dubai,thQDdyhlQn
Airline A,Mumbai,Dubai,KDGYeNjtYK
Airline A,Mumbai,Dubai,AgRvUkfNlh
Airline A,Mumbai,Dubai,vtxYExZEcD
Airline A,Mumbai,Dubai,tXMgslsTss
Airline A,Mumbai,Dubai,NJIZAKaOdW
Airline A,Mumbai,Dubai,kqqWpYtsxH
Airline A,Mumbai,Dubai,giElojrbBr
Airline A,Mumbai,Dubai,BCuxawnXDE
Airline A,Mumbai,Dubai,PXDyzExieY
Airline A,Mumbai,Dubai,hnUjUGgplt
Airline A,Mumbai,Dubai,pwlNIDkZYz
Airline A,Mumbai,Dubai,QPptmiEQer
Airline A,Mumbai,Dubai,ackCVPeGrD
Airline A,Mumbai,Dubai,bppOCJfBzO
Airline A,Mumbai,Dubai,UuBAvwECoL
Airline A,Mumbai,Dubai,ZJehizVRQI
Airline A,Mumbai,Dubai,GoptwFYgSc
Airline A,Mumbai,Dubai,fzxkiBFjsX
Airline A,Mumbai,Dubai,vHEHLYFtZm
Airline A,Mumbai,Dubai,QjvXYBVZNT
Airline A,Mumbai,Dubai,plomRkJaEY
Airline A,Mumbai,Dubai,tOKoDfkhph
Airline A,Mumbai,Dubai,BsBIaNVStN
Airline A,Mumbai,Dubai,SNdwOzvlvX
Airline A,Mumbai,Dubai,MjDKEpOQrF
Airline A,Mumbai,Dubai,gxxcEBMwUQ
Airline A,Mumbai,Dubai,rTvuuOhzcH
Airline A,Mumbai,Dubai,qlbIdtbuin
Airline A,Mumbai,Dubai,aHcGSfESsA
Airline A,Mumbai,Dubai,qXzjZepuco
Airline A,Mumbai,Dubai,WMgWNtMFvc
Airline A,Mumbai,Dubai,zVYEZPfpNn
Airline A,Mumbai,Dubai,qCAnGvWzhk
Airline A,Mumbai,Dubai,kksxRYcXIx
Airline A,Mumbai,Dubai,BhlvyvdeSp
Airline A,Mumbai,Dubai,dwIvIlEnNW
Airline A,Mumbai,Dubai,HZNYZufZVL
Airline A,Mumbai,Dubai,AyYORdNkVA
Airline A,Mumbai,Dubai,mokNSocRDk
Airline A,Mumbai,Dubai,pevcQXHfvg
Airline A,Mumbai,Dubai,oZNOlyoQwj
Airline A,Mumbai,Dubai,twVCypphBs
Airline A,Mumbai,Dubai,mkdaQqrMPe
Airline A,Mumbai,Dubai,BWAtDNiVUB
Airline A,Mumbai,Dubai,RqQjOzggNk
Airline A,Mumbai,Dubai,ylGnsHoUlb
Airline A,Mumbai,Dubai,WQayKMmCKC
Airline A,Mumbai,Dubai,dvcMymwTCM
Airline A,Mumbai,Dubai,EBjEEbXpyb
Airline A,Mumbai,Dubai,KossVuXXvQ
Airline A,Mumbai,Dubai,yPLrpQvXvI
Airline A,Mumbai,Dubai,dOCFHDnnQR
Airline A,Mumbai,Dubai,vtqkuFKHmw
Airline A,Mumbai,Dubai,JVZvWBAUOR
Airline A,Mumbai,Dubai,knmOcWoxEx
Airline A,Mumbai,Dubai,WSHlHbovmF
Airline A,Mumbai,Dubai,dMDuYineda
Airline A,Mumbai,Dubai,ARTZPhuqXP
Airline A,Mumbai,Dubai,vPSmLbZJIZ
Airline A,Mumbai,Dubai,EfewZqbwsc
Airline A,Mumbai,Dubai,PbKezzmvlk
Airline A,Mumbai,Dubai,XVRwJUhkNq
Airline A,Mumbai,Dubai,maNcMznqwk
Airline A,Mumbai,Dubai,TyitCKgRiq
Airline A,Mumbai,Dubai,SXjiJfPivr
Airline A,Mumbai,Dubai,NBMTgthPMY
Airline A,Mumbai,Dubai,TfSEpgJEzj
Airline A,Mumbai,Dubai,ZJBfvXVgny
Airline A,Mumbai,Dubai,cWaKqNhRhr
Airline A,Mumbai,Dubai,fcMxeGkQmA
Airline A,Mumbai,Dubai,vSPsrGFtgk
Airline A,Mumbai,Dubai,DVohJllNkH
Airline A,Mumbai,Dubai,EABZvNLBEU
Airline A,Mumbai,Dubai,fDyILYxBbJ
Airline A,Mumbai,Dubai,xdlVkqWITl
Airline A,Mumbai,Dubai,vdytkVjrhl
Airline A,Mumbai,Dubai,aexFeOYPoI
Airline A,Mumbai,Dubai,ESgpaZJOCm
Airline A,Mumbai,Dubai,nSplaSHEdQ
Airline A,Mumbai,Dubai,LGdeYjcLfk
Airline A,Mumbai,Dubai,CWgKVczOdl
Airline A,Mumbai,Dubai,oacHaOXQne
Airline A,Mumbai,Dubai,eBvDYCEqiM
Airline A,Mumbai,Dubai,VXeZAHHNEy
Airline A,Mumbai,Dubai,MrzpWdBXWk
Airline A,Mumbai,Dubai,JZRgfUNRHY
Airline A,Mumbai,Dubai,eCjOoWFeUU
Airline A,Mumbai,Dubai,gKvjlbqbpO
Airline A,Mumbai,Dubai,KaIMHakJnA
Airline A,Mumbai,Dubai,UbjVYiLnKo
Airline A,Mumbai,Dubai,nPeKofamzz
Airline A,Mumbai,Dubai,cYRIGPtBXS
Airline A,Mumbai,Dubai,KZRUmTQpma
Airline A,Mumbai,Dubai,ZMdxwXHPaw
Airline A,Mumbai,Dubai,LQqQBZzXzn
Airline A,Mumbai,Dubai,lqgqBkMOpe
Airline A,Mumbai,Dubai,uApgOApHXn
Airline A,Mumbai,Dubai,esyyCQahXX
Airline A,Mumbai,Dubai,CmIsIjYWQa
Airline A,Mumbai,Dubai,tCrdKaiNHi
Airline A,Mumbai,Dubai,ipPiYewtRf
Airline A,Mumbai,Dubai,ySobnMHUuU
Airline A,Mumbai,Dubai,KPrlayQZkK
Airline A,Mumbai,Dubai,rcMHSMTGdr
Airline A,Mumbai,Dubai,exaSBGsFmn
Airline A,Mumbai,Dubai,gyZVhmadsl
Airline A,Mumbai,Dubai,tLcIveiKVA
Airline A,Mumbai,Dubai,tPnTEunnbX
Airline A,Mumbai,Dubai,ILjrGcmYkM
Airline A,Mumbai,Dubai,lIhlwIjMdR
Airline A,Mumbai,Dubai,SYjrMJoKRH
Airline A,Mumbai,Dubai,ibmFwKZARJ
Airline A,Mumbai,Dubai,LHnMwXQcch
Airline A,Mumbai,Dubai,kzPDCoWViH
Airline A,Mumbai,Dubai,viwGWFgdbR
Airline A,Mumbai,Dubai,gUcbdaIBqe
Airline A,Mumbai,Dubai,cUAmWlyByg
Airline A,Mumbai,Dubai,RfrQkbVVzA
Airline A,Mumbai,Dubai,wugDMeFtiY
Airline A,Mumbai,Dubai,LyZkgwmzTq
Airline A,Mumbai,Dubai,PnSzWHCVKg
Airline A,Mumbai,Dubai,nevrjCeKkv
Airline A,Mumbai,Dubai,AhDWCDsDuB
Airline A,Mumbai,Dubai,njyZFphEJM
Airline A,Mumbai,Dubai,yIrkbtAory
Airline A,Mumbai,Dubai,mbbIwJxbzI
Airline A,Mumbai,Dubai,RCpnkWRtXN
Airline A,Mumbai,Dubai,tKOvxwuDpE
Airline A,Mumbai,Dubai,QYPlkhPNkh
Airline A,Mumbai,Dubai,exDlhITttO
Airline A,Mumbai,Dubai,EflCjbiuUB
Airline A,Mumbai,Dubai,LPerVonuLX
Airline A,Mumbai,Dubai,NlPhkpVVTk
Airline A,Mumbai,Dubai,pWaLQZgqbw
Airline A,Mumbai,Dubai,PbPhYycSkU
Airline A,Mumbai,Dubai,KAGynYfyXC
Airline A,Mumbai,Dubai,cftGoGsmmV
Airline A,Mumbai,Dubai,uiIwidOSrW
Airline A,Mumbai,Dubai,HSWqUudpIR
Airline A,Mumbai,Dubai,KLLidxBaaV
Airline A,Mumbai,Dubai,KSlcucwOXY
Airline A,Mumbai,Dubai,teXRIBvbiE
Airline A,Mumbai,Dubai,vrnTeYqTgS
Airline A,Mumbai,Dubai,maMYOtJIJv
Airline A,Mumbai,Dubai,SsxHFoeEXY
Airline A,Mumbai,Dubai,CjIOzIHcnL
Airline A,Mumbai,Dubai,hvlnOKaXyV
Airline A,Mumbai,Dubai,gFxvSTGZeq
Airline A,Mumbai,Dubai,FySxDgFAyu
Airline A,Mumbai,Dubai,NqXXQaqXdw
Airline A,Mumbai,Dubai,GEmXuwWmoK
Airline A,Mumbai,Dubai,ysehbNpQHI
Airline A,Mumbai,Dubai,TjXhEwLLDo
Airline A,Mumbai,Dubai,NryBtAXjvP
Airline A,Mumbai,Dubai,ZsLFSWzvyS
Airline A,Mumbai,Dubai,mVNyjpJczY
Airline A,Mumbai,Dubai,FFhDuDtSyB
Airline A,Mumbai,Dubai,kWovDRgAkS
Airline A,Mumbai,Dubai,meyWYIOeIj
Airline A,Mumbai,Dubai,dFsQTdUgms
Airline A,Mumbai,Dubai,aOuKPBxDEp
Airline A,Mumbai,Dubai,hiDFyCwzTH
Airline A,Mumbai,Dubai,wVvDeGKMEP
Airline A,Mumbai,Dubai,RFiDNlrybc
Airline A,Mumbai,Dubai,uhYkVLwHUM
Airline A,Mumbai,Dubai,OYTURVbbOB
Airline A,Mumbai,Dubai,VMsnocqaxC
Airline A,Mumbai,Dubai,cqUSwRdrTJ
Airline A,Mumbai,Dubai,bUPPVKdNwH
Airline A,Mumbai,Dubai,EuHBNvbuYG
Airline A,Mumbai,Dubai,zoAVYRYTHo
Airline A,Mumbai,Dubai,xRXKKnfdMK
Airline A,Mumbai,Dubai,cKRmxgiIxk
Airline A,Mumbai,Dubai,BzlJzXimCH
Airline A,Mumbai,Dubai,DEHChDxBbP
Airline A,Mumbai,Dubai,gUZyKSqXvH
Airline A,Mumbai,Dubai,lSGcuomrMO
Airline A,Mumbai,Dubai,gaorMKUEPm
Airline A,Mumbai,Dubai,KPYCKJHcLN
Airline A,Mumbai,Dubai,esEpdzEVkI
Airline A,Mumbai,Dubai,GvXsBsCzwR
Airline A,Mumbai,Dubai,xFafTurBQL
Airline A,Mumbai,Dubai,ujhdflZTVB
Airline A,Mumbai,Dubai,hAgWGvZAli
Airline A,Mumbai,Dubai,ABYXgOWcbJ
Airline A,Mumbai,Dubai,TrNVkOhkcW
Airline A,Mumbai,Dubai,ejmUCngilX
Airline A,Mumbai,Dubai,lfONJQIkiE
Airline A,Mumbai,Dubai,uXwMCZkrut
Airline A,Mumbai,Dubai,WPoYYIktxU
Airline A,Mumbai,Dubai,wqAuBBTqIw
Airline A,Mumbai,Dubai,FydBRAZjFn
Airline A,Mumbai,Dubai,thqFtYAALH
Airline A,Mumbai,Dubai,URxRdLDCiy
Airline A,Mumbai,Dubai,kakIJUmKqC
Airline A,Mumbai,Dubai,bpyPxUUfQt
